[3] 1/16 EM13MAT305 disc/faci: ok 2it 157s aprovado
[1] 1/16 EM13MAT303 disc/faci: DESCARTADA 3it 229s aprovado
[2] 1/16 EM13MAT304 disc/faci: DESCARTADA 3it 252s aprovado
[1] 2/16 EM13MAT306 disc/faci: ok 1it 62s aprovado
[3] 2/16 EM13MAT503 disc/faci: ok 2it 139s aprovado
[1] 3/16 EM13MAT507 disc/faci: ok 1it 33s aprovado
[1] 4/16 EM13MAT304 disc/medi: ok 1it 84s aprovado
[3] 3/16 EM13MAT303 disc/medi: ok 1it 125s aprovado
[1] 5/16 EM13MAT402 disc/medi: ok 1it 59s aprovado
[2] 2/16 EM13MAT402 disc/faci: DESCARTADA 3it 216s aprovado
[3] 4/16 EM13MAT306 disc/medi: ok 1it 74s aprovado
[2] 3/16 EM13MAT508 disc/faci: ok 1it 35s aprovado
[1] 6/16 EM13MAT508 disc/medi: ok 1it 75s aprovado
[2] 4/16 EM13MAT305 disc/medi: ok 1it 56s aprovado
[3] 5/16 EM13MAT507 disc/medi: ok 1it 63s aprovado
[3] 6/16 EM13MAT304 disc/difi: ok 1it 56s aprovado
[2] 5/16 EM13MAT503 disc/medi: ok 2it 88s aprovado
[1] 7/16 EM13MAT305 disc/difi: ok 1it 125s aprovado
[3] 7/16 EM13MAT402 disc/difi: ok 1it 81s aprovado
[3] 8/16 EM13MAT508 disc/difi: ok 1it 68s aprovado
[1] 8/16 EM13MAT503 disc/difi: ok 1it 101s aprovado_parcial
[2] 6/16 EM13MAT303 disc/difi: ok 1it 131s aprovado
[2] 7/16 EM13MAT306 disc/difi: ok 1it 73s aprovado
[2] 8/16 EM13MAT507 disc/difi: ok 1it 111s aprovado
[1] 9/16 EM13MAT303 mult/faci: DESCARTADA 3it 231s rejeitado
[3] 9/16 EM13MAT305 mult/faci: DESCARTADA 3it 241s aprovado
[2] 9/16 EM13MAT304 mult/faci: ok 2it 116s aprovado
[3] 10/16 EM13MAT503 mult/faci: ok 2it 140s aprovado
[1] 10/16 EM13MAT306 mult/faci: ok 2it 179s aprovado
[2] 10/16 EM13MAT402 mult/faci: ok 2it 173s aprovado
[3] 11/16 EM13MAT303 mult/medi: ok 2it 174s aprovado
[1] 11/16 EM13MAT507 mult/faci: ok 2it 162s aprovado
[1] 12/16 EM13MAT304 mult/medi: ok 1it 84s aprovado
[3] 12/16 EM13MAT306 mult/medi: ok 2it 151s aprovado
[2] 11/16 EM13MAT508 mult/faci: ok 3it 250s aprovado
[1] 13/16 EM13MAT402 mult/medi: ok 1it 84s aprovado
[3] 13/16 EM13MAT507 mult/medi: ok 1it 90s aprovado
[1] 14/16 EM13MAT508 mult/medi: ok 1it 68s aprovado
[1] 15/16 EM13MAT305 mult/difi: ok 1it 79s aprovado
[3] 14/16 EM13MAT304 mult/difi: ok 1it 103s aprovado
[2] 12/16 EM13MAT305 mult/medi: ok 2it 194s aprovado
[1] 16/16 EM13MAT503 mult/difi: ok 1it 100s aprovado_parcial
[1] fim: 16 ciclos, 14 aprovadas, 29 min
[3] 15/16 EM13MAT402 mult/difi: ok 1it 183s aprovado
[2] 13/16 EM13MAT503 mult/medi: ok 1it 190s aprovado
[3] 16/16 EM13MAT508 mult/difi: ok 1it 111s aprovado
[3] fim: 16 ciclos, 15 aprovadas, 33 min
[2] 14/16 EM13MAT303 mult/difi: ok 1it 111s aprovado
[2] 15/16 EM13MAT306 mult/difi: ok 2it 243s aprovado
[2] 16/16 EM13MAT507 mult/difi: ok 1it 116s aprovado
[2] fim: 16 ciclos, 14 aprovadas, 39 min
